
15. Executing PROC_DLATCH pass (convert process syncs to latches).
No latch inferred for signal `\gpu.\core_keep_alive[0]' from process `\gpu.$proc$/home/antony-austin/ol2-gpu/src/gpu_combined.v:0$114'.
No latch inferred for signal `\gpu.\core_keep_alive[1]' from process `\gpu.$proc$/home/antony-austin/ol2-gpu/src/gpu_combined.v:0$114'.
No latch inferred for signal `\gpu.\core_keep_alive[2]' from process `\gpu.$proc$/home/antony-austin/ol2-gpu/src/gpu_combined.v:0$114'.
No latch inferred for signal `\gpu.\core_keep_alive[3]' from process `\gpu.$proc$/home/antony-austin/ol2-gpu/src/gpu_combined.v:0$114'.
No latch inferred for signal `\decoder.\_sv2v_0' from process `\decoder.$proc$/home/antony-austin/ol2-gpu/src/gpu_combined.v:0$185'.
No latch inferred for signal `\decoder.\opcode' from process `\decoder.$proc$/home/antony-austin/ol2-gpu/src/gpu_combined.v:203$184'.
No latch inferred for signal `\decoder.\rd_addr' from process `\decoder.$proc$/home/antony-austin/ol2-gpu/src/gpu_combined.v:203$184'.
No latch inferred for signal `\decoder.\rs1_addr' from process `\decoder.$proc$/home/antony-austin/ol2-gpu/src/gpu_combined.v:203$184'.
No latch inferred for signal `\decoder.\rs2_addr' from process `\decoder.$proc$/home/antony-austin/ol2-gpu/src/gpu_combined.v:203$184'.
No latch inferred for signal `\decoder.\rs3_addr' from process `\decoder.$proc$/home/antony-austin/ol2-gpu/src/gpu_combined.v:203$184'.
No latch inferred for signal `\decoder.\imm' from process `\decoder.$proc$/home/antony-austin/ol2-gpu/src/gpu_combined.v:203$184'.
No latch inferred for signal `\decoder.\nzp_mask' from process `\decoder.$proc$/home/antony-austin/ol2-gpu/src/gpu_combined.v:203$184'.
No latch inferred for signal `\decoder.\branch_offset' from process `\decoder.$proc$/home/antony-austin/ol2-gpu/src/gpu_combined.v:203$184'.
No latch inferred for signal `\decoder.\ret' from process `\decoder.$proc$/home/antony-austin/ol2-gpu/src/gpu_combined.v:203$184'.
No latch inferred for signal `\decoder.\mem_read_en' from process `\decoder.$proc$/home/antony-austin/ol2-gpu/src/gpu_combined.v:203$184'.
No latch inferred for signal `\decoder.\mem_write_en' from process `\decoder.$proc$/home/antony-austin/ol2-gpu/src/gpu_combined.v:203$184'.
No latch inferred for signal `\decoder.\branch_en' from process `\decoder.$proc$/home/antony-austin/ol2-gpu/src/gpu_combined.v:203$184'.
No latch inferred for signal `\decoder.\nzp_en' from process `\decoder.$proc$/home/antony-austin/ol2-gpu/src/gpu_combined.v:203$184'.
No latch inferred for signal `\decoder.\write_back_en' from process `\decoder.$proc$/home/antony-austin/ol2-gpu/src/gpu_combined.v:203$184'.
No latch inferred for signal `\alu.\_sv2v_0' from process `\alu.$proc$/home/antony-austin/ol2-gpu/src/gpu_combined.v:0$177'.
No latch inferred for signal `\alu.\nzp_flag' from process `\alu.$proc$/home/antony-austin/ol2-gpu/src/gpu_combined.v:16$157'.
No latch inferred for signal `\alu.\result' from process `\alu.$proc$/home/antony-austin/ol2-gpu/src/gpu_combined.v:16$157'.
No latch inferred for signal `\registers.\_sv2v_0' from process `\registers.$proc$/home/antony-austin/ol2-gpu/src/gpu_combined.v:0$155'.
No latch inferred for signal `\registers.\r_data3' from process `\registers.$proc$/home/antony-austin/ol2-gpu/src/gpu_combined.v:111$147'.
No latch inferred for signal `\registers.$mem2reg_rd$\reg_file$/home/antony-austin/ol2-gpu/src/gpu_combined.v:119$118_ADDR' from process `\registers.$proc$/home/antony-austin/ol2-gpu/src/gpu_combined.v:111$147'.
No latch inferred for signal `\registers.$mem2reg_rd$\reg_file$/home/antony-austin/ol2-gpu/src/gpu_combined.v:119$118_DATA' from process `\registers.$proc$/home/antony-austin/ol2-gpu/src/gpu_combined.v:111$147'.
No latch inferred for signal `\registers.\r_data2' from process `\registers.$proc$/home/antony-austin/ol2-gpu/src/gpu_combined.v:100$139'.
No latch inferred for signal `\registers.$mem2reg_rd$\reg_file$/home/antony-austin/ol2-gpu/src/gpu_combined.v:108$117_ADDR' from process `\registers.$proc$/home/antony-austin/ol2-gpu/src/gpu_combined.v:100$139'.
No latch inferred for signal `\registers.$mem2reg_rd$\reg_file$/home/antony-austin/ol2-gpu/src/gpu_combined.v:108$117_DATA' from process `\registers.$proc$/home/antony-austin/ol2-gpu/src/gpu_combined.v:100$139'.
No latch inferred for signal `\registers.\r_data1' from process `\registers.$proc$/home/antony-austin/ol2-gpu/src/gpu_combined.v:89$131'.
No latch inferred for signal `\registers.$mem2reg_rd$\reg_file$/home/antony-austin/ol2-gpu/src/gpu_combined.v:97$116_ADDR' from process `\registers.$proc$/home/antony-austin/ol2-gpu/src/gpu_combined.v:89$131'.
No latch inferred for signal `\registers.$mem2reg_rd$\reg_file$/home/antony-austin/ol2-gpu/src/gpu_combined.v:97$116_DATA' from process `\registers.$proc$/home/antony-austin/ol2-gpu/src/gpu_combined.v:89$131'.
No latch inferred for signal `$paramod\core\THREADS_PER_CORE=s32'00000000000000000000000000000100.\alu_result[0]' from process `$paramod\core\THREADS_PER_CORE=s32'00000000000000000000000000000100.$proc$/home/antony-austin/ol2-gpu/src/gpu_combined.v:0$281'.
No latch inferred for signal `$paramod\core\THREADS_PER_CORE=s32'00000000000000000000000000000100.\alu_result[1]' from process `$paramod\core\THREADS_PER_CORE=s32'00000000000000000000000000000100.$proc$/home/antony-austin/ol2-gpu/src/gpu_combined.v:0$281'.
No latch inferred for signal `$paramod\core\THREADS_PER_CORE=s32'00000000000000000000000000000100.\alu_result[2]' from process `$paramod\core\THREADS_PER_CORE=s32'00000000000000000000000000000100.$proc$/home/antony-austin/ol2-gpu/src/gpu_combined.v:0$281'.
No latch inferred for signal `$paramod\core\THREADS_PER_CORE=s32'00000000000000000000000000000100.\alu_result[3]' from process `$paramod\core\THREADS_PER_CORE=s32'00000000000000000000000000000100.$proc$/home/antony-austin/ol2-gpu/src/gpu_combined.v:0$281'.
No latch inferred for signal `$paramod\core\THREADS_PER_CORE=s32'00000000000000000000000000000100.\nzp_result[0]' from process `$paramod\core\THREADS_PER_CORE=s32'00000000000000000000000000000100.$proc$/home/antony-austin/ol2-gpu/src/gpu_combined.v:0$281'.
No latch inferred for signal `$paramod\core\THREADS_PER_CORE=s32'00000000000000000000000000000100.\nzp_result[1]' from process `$paramod\core\THREADS_PER_CORE=s32'00000000000000000000000000000100.$proc$/home/antony-austin/ol2-gpu/src/gpu_combined.v:0$281'.
No latch inferred for signal `$paramod\core\THREADS_PER_CORE=s32'00000000000000000000000000000100.\nzp_result[2]' from process `$paramod\core\THREADS_PER_CORE=s32'00000000000000000000000000000100.$proc$/home/antony-austin/ol2-gpu/src/gpu_combined.v:0$281'.
No latch inferred for signal `$paramod\core\THREADS_PER_CORE=s32'00000000000000000000000000000100.\nzp_result[3]' from process `$paramod\core\THREADS_PER_CORE=s32'00000000000000000000000000000100.$proc$/home/antony-austin/ol2-gpu/src/gpu_combined.v:0$281'.
No latch inferred for signal `$paramod\core\THREADS_PER_CORE=s32'00000000000000000000000000000100.\lsu_read_data[0]' from process `$paramod\core\THREADS_PER_CORE=s32'00000000000000000000000000000100.$proc$/home/antony-austin/ol2-gpu/src/gpu_combined.v:0$281'.
No latch inferred for signal `$paramod\core\THREADS_PER_CORE=s32'00000000000000000000000000000100.\lsu_read_data[1]' from process `$paramod\core\THREADS_PER_CORE=s32'00000000000000000000000000000100.$proc$/home/antony-austin/ol2-gpu/src/gpu_combined.v:0$281'.
No latch inferred for signal `$paramod\core\THREADS_PER_CORE=s32'00000000000000000000000000000100.\lsu_read_data[2]' from process `$paramod\core\THREADS_PER_CORE=s32'00000000000000000000000000000100.$proc$/home/antony-austin/ol2-gpu/src/gpu_combined.v:0$281'.
No latch inferred for signal `$paramod\core\THREADS_PER_CORE=s32'00000000000000000000000000000100.\lsu_read_data[3]' from process `$paramod\core\THREADS_PER_CORE=s32'00000000000000000000000000000100.$proc$/home/antony-austin/ol2-gpu/src/gpu_combined.v:0$281'.
No latch inferred for signal `$paramod\core\THREADS_PER_CORE=s32'00000000000000000000000000000100.\reg_data1[0]' from process `$paramod\core\THREADS_PER_CORE=s32'00000000000000000000000000000100.$proc$/home/antony-austin/ol2-gpu/src/gpu_combined.v:0$281'.
No latch inferred for signal `$paramod\core\THREADS_PER_CORE=s32'00000000000000000000000000000100.\reg_data1[1]' from process `$paramod\core\THREADS_PER_CORE=s32'00000000000000000000000000000100.$proc$/home/antony-austin/ol2-gpu/src/gpu_combined.v:0$281'.
No latch inferred for signal `$paramod\core\THREADS_PER_CORE=s32'00000000000000000000000000000100.\reg_data1[2]' from process `$paramod\core\THREADS_PER_CORE=s32'00000000000000000000000000000100.$proc$/home/antony-austin/ol2-gpu/src/gpu_combined.v:0$281'.
No latch inferred for signal `$paramod\core\THREADS_PER_CORE=s32'00000000000000000000000000000100.\reg_data1[3]' from process `$paramod\core\THREADS_PER_CORE=s32'00000000000000000000000000000100.$proc$/home/antony-austin/ol2-gpu/src/gpu_combined.v:0$281'.
No latch inferred for signal `$paramod\core\THREADS_PER_CORE=s32'00000000000000000000000000000100.\reg_data2[0]' from process `$paramod\core\THREADS_PER_CORE=s32'00000000000000000000000000000100.$proc$/home/antony-austin/ol2-gpu/src/gpu_combined.v:0$281'.
No latch inferred for signal `$paramod\core\THREADS_PER_CORE=s32'00000000000000000000000000000100.\reg_data2[1]' from process `$paramod\core\THREADS_PER_CORE=s32'00000000000000000000000000000100.$proc$/home/antony-austin/ol2-gpu/src/gpu_combined.v:0$281'.
No latch inferred for signal `$paramod\core\THREADS_PER_CORE=s32'00000000000000000000000000000100.\reg_data2[2]' from process `$paramod\core\THREADS_PER_CORE=s32'00000000000000000000000000000100.$proc$/home/antony-austin/ol2-gpu/src/gpu_combined.v:0$281'.
No latch inferred for signal `$paramod\core\THREADS_PER_CORE=s32'00000000000000000000000000000100.\reg_data2[3]' from process `$paramod\core\THREADS_PER_CORE=s32'00000000000000000000000000000100.$proc$/home/antony-austin/ol2-gpu/src/gpu_combined.v:0$281'.
No latch inferred for signal `$paramod\core\THREADS_PER_CORE=s32'00000000000000000000000000000100.\reg_data3[0]' from process `$paramod\core\THREADS_PER_CORE=s32'00000000000000000000000000000100.$proc$/home/antony-austin/ol2-gpu/src/gpu_combined.v:0$281'.
No latch inferred for signal `$paramod\core\THREADS_PER_CORE=s32'00000000000000000000000000000100.\reg_data3[1]' from process `$paramod\core\THREADS_PER_CORE=s32'00000000000000000000000000000100.$proc$/home/antony-austin/ol2-gpu/src/gpu_combined.v:0$281'.
No latch inferred for signal `$paramod\core\THREADS_PER_CORE=s32'00000000000000000000000000000100.\reg_data3[2]' from process `$paramod\core\THREADS_PER_CORE=s32'00000000000000000000000000000100.$proc$/home/antony-austin/ol2-gpu/src/gpu_combined.v:0$281'.
No latch inferred for signal `$paramod\core\THREADS_PER_CORE=s32'00000000000000000000000000000100.\reg_data3[3]' from process `$paramod\core\THREADS_PER_CORE=s32'00000000000000000000000000000100.$proc$/home/antony-austin/ol2-gpu/src/gpu_combined.v:0$281'.
No latch inferred for signal `$paramod\core\THREADS_PER_CORE=s32'00000000000000000000000000000100.\mem_addr[0]' from process `$paramod\core\THREADS_PER_CORE=s32'00000000000000000000000000000100.$proc$/home/antony-austin/ol2-gpu/src/gpu_combined.v:0$281'.
No latch inferred for signal `$paramod\core\THREADS_PER_CORE=s32'00000000000000000000000000000100.\mem_addr[1]' from process `$paramod\core\THREADS_PER_CORE=s32'00000000000000000000000000000100.$proc$/home/antony-austin/ol2-gpu/src/gpu_combined.v:0$281'.
No latch inferred for signal `$paramod\core\THREADS_PER_CORE=s32'00000000000000000000000000000100.\mem_addr[2]' from process `$paramod\core\THREADS_PER_CORE=s32'00000000000000000000000000000100.$proc$/home/antony-austin/ol2-gpu/src/gpu_combined.v:0$281'.
No latch inferred for signal `$paramod\core\THREADS_PER_CORE=s32'00000000000000000000000000000100.\mem_addr[3]' from process `$paramod\core\THREADS_PER_CORE=s32'00000000000000000000000000000100.$proc$/home/antony-austin/ol2-gpu/src/gpu_combined.v:0$281'.
No latch inferred for signal `$paramod\core\THREADS_PER_CORE=s32'00000000000000000000000000000100.\write_data[0]' from process `$paramod\core\THREADS_PER_CORE=s32'00000000000000000000000000000100.$proc$/home/antony-austin/ol2-gpu/src/gpu_combined.v:0$281'.
No latch inferred for signal `$paramod\core\THREADS_PER_CORE=s32'00000000000000000000000000000100.\write_data[1]' from process `$paramod\core\THREADS_PER_CORE=s32'00000000000000000000000000000100.$proc$/home/antony-austin/ol2-gpu/src/gpu_combined.v:0$281'.
No latch inferred for signal `$paramod\core\THREADS_PER_CORE=s32'00000000000000000000000000000100.\write_data[2]' from process `$paramod\core\THREADS_PER_CORE=s32'00000000000000000000000000000100.$proc$/home/antony-austin/ol2-gpu/src/gpu_combined.v:0$281'.
No latch inferred for signal `$paramod\core\THREADS_PER_CORE=s32'00000000000000000000000000000100.\write_data[3]' from process `$paramod\core\THREADS_PER_CORE=s32'00000000000000000000000000000100.$proc$/home/antony-austin/ol2-gpu/src/gpu_combined.v:0$281'.
No latch inferred for signal `$paramod\core\THREADS_PER_CORE=s32'00000000000000000000000000000100.\_keep_xor[0]' from process `$paramod\core\THREADS_PER_CORE=s32'00000000000000000000000000000100.$proc$/home/antony-austin/ol2-gpu/src/gpu_combined.v:0$281'.
No latch inferred for signal `$paramod\core\THREADS_PER_CORE=s32'00000000000000000000000000000100.\_keep_xor[1]' from process `$paramod\core\THREADS_PER_CORE=s32'00000000000000000000000000000100.$proc$/home/antony-austin/ol2-gpu/src/gpu_combined.v:0$281'.
No latch inferred for signal `$paramod\core\THREADS_PER_CORE=s32'00000000000000000000000000000100.\_keep_xor[2]' from process `$paramod\core\THREADS_PER_CORE=s32'00000000000000000000000000000100.$proc$/home/antony-austin/ol2-gpu/src/gpu_combined.v:0$281'.
No latch inferred for signal `$paramod\core\THREADS_PER_CORE=s32'00000000000000000000000000000100.\_keep_xor[3]' from process `$paramod\core\THREADS_PER_CORE=s32'00000000000000000000000000000100.$proc$/home/antony-austin/ol2-gpu/src/gpu_combined.v:0$281'.
No latch inferred for signal `$paramod\core\THREADS_PER_CORE=s32'00000000000000000000000000000100.\_keep_xor[4]' from process `$paramod\core\THREADS_PER_CORE=s32'00000000000000000000000000000100.$proc$/home/antony-austin/ol2-gpu/src/gpu_combined.v:0$281'.
